// Jest Snapshot v1, https://goo.gl/fbAQLP

exports[`unit.commands.deploy deploy with stage: dev returns status code 0 1`] = `0`;

exports[`unit.commands.deploy deploy with stage: dev throws with an exit code > 0 1`] = `undefined`;

exports[`unit.commands.deploy deploy with stage: production returns status code 0 1`] = `0`;

exports[`unit.commands.deploy deploy with stage: production throws with an exit code > 0 1`] = `undefined`;

exports[`unit.commands.deploy deploy with stage: staging returns status code 0 1`] = `0`;

exports[`unit.commands.deploy deploy with stage: staging throws with an exit code > 0 1`] = `undefined`;
